
> nextjs@0.1.0 build
> next build

   Γû▓ Next.js 15.3.3
   - Environments: .env.local

   Creating an optimized production build ...
 ΓÜá Attempted to load @next/swc-win32-x64-msvc, but an error occurred: \\?\E:\IntraWeb-Technologies\06_Marketing-Brand\Website\iwt-landing\node_modules\@next\swc-win32-x64-msvc\next-swc.win32-x64-msvc.node is not a valid Win32 application.
\\?\E:\IntraWeb-Technologies\06_Marketing-Brand\Website\iwt-landing\node_modules\@next\swc-win32-x64-msvc\next-swc.win32-x64-msvc.node
 Γ£ô Compiled successfully in 6.0s
   Linting and checking validity of types ...

Failed to compile.

./app/about/AboutClient.tsx
3:8  Error: 'Link' is defined but never used.  @typescript-eslint/no-unused-vars

./app/accessibility/page.tsx
1:8  Error: 'Link' is defined but never used.  @typescript-eslint/no-unused-vars
33:261  Error: `'` can be escaped with `&apos;`, `&lsquo;`, `&#39;`, `&rsquo;`.  react/no-unescaped-entities

./app/contact/page.tsx
16:82  Error: `'` can be escaped with `&apos;`, `&lsquo;`, `&#39;`, `&rsquo;`.  react/no-unescaped-entities
18:57  Error: `'` can be escaped with `&apos;`, `&lsquo;`, `&#39;`, `&rsquo;`.  react/no-unescaped-entities

./app/page.tsx
9:8  Error: 'projectsData' is defined but never used.  @typescript-eslint/no-unused-vars

./app/portfolio/page.tsx
1:10  Error: 'Project' is defined but never used.  @typescript-eslint/no-unused-vars
2:8  Error: 'Link' is defined but never used.  @typescript-eslint/no-unused-vars

./app/portfolio/[slug]/page.tsx
9:8  Error: 'ContactCTA' is defined but never used.  @typescript-eslint/no-unused-vars

./app/privacy-policy/page.tsx
1:8  Error: 'Link' is defined but never used.  @typescript-eslint/no-unused-vars
56:37  Error: `"` can be escaped with `&quot;`, `&ldquo;`, `&#34;`, `&rdquo;`.  react/no-unescaped-entities
56:59  Error: `"` can be escaped with `&quot;`, `&ldquo;`, `&#34;`, `&rdquo;`.  react/no-unescaped-entities

./app/process/ProcessClient.tsx
3:10  Error: 'motion' is defined but never used.  @typescript-eslint/no-unused-vars
4:10  Error: 'useRef' is defined but never used.  @typescript-eslint/no-unused-vars
81:9  Error: 'polygonPointsStr' is assigned a value but never used.  @typescript-eslint/no-unused-vars

./app/services/page.tsx
5:10  Error: 'motion' is defined but never used.  @typescript-eslint/no-unused-vars
108:23  Warning: Using `<img>` could result in slower LCP and higher bandwidth. Consider using `<Image />` from `next/image` or a custom image loader to automatically optimize images. This may incur additional usage or cost from your provider. See: https://nextjs.org/docs/messages/no-img-element  @next/next/no-img-element

./app/team/page.tsx
47:10  Error: 'showAgentModal' is assigned a value but never used.  @typescript-eslint/no-unused-vars
48:9  Error: 'openAgentModal' is assigned a value but never used.  @typescript-eslint/no-unused-vars
49:9  Error: 'closeAgentModal' is assigned a value but never used.  @typescript-eslint/no-unused-vars
62:15  Error: `'` can be escaped with `&apos;`, `&lsquo;`, `&#39;`, `&rsquo;`.  react/no-unescaped-entities
109:47  Error: `'` can be escaped with `&apos;`, `&lsquo;`, `&#39;`, `&rsquo;`.  react/no-unescaped-entities

./app/team/team-process.tsx
52:106  Error: `'` can be escaped with `&apos;`, `&lsquo;`, `&#39;`, `&rsquo;`.  react/no-unescaped-entities
56:29  Error: 'i' is defined but never used.  @typescript-eslint/no-unused-vars

./app/terms-of-service/page.tsx
37:46  Error: `"` can be escaped with `&quot;`, `&ldquo;`, `&#34;`, `&rdquo;`.  react/no-unescaped-entities
37:52  Error: `"` can be escaped with `&quot;`, `&ldquo;`, `&#34;`, `&rdquo;`.  react/no-unescaped-entities
37:58  Error: `"` can be escaped with `&quot;`, `&ldquo;`, `&#34;`, `&rdquo;`.  react/no-unescaped-entities
37:71  Error: `"` can be escaped with `&quot;`, `&ldquo;`, `&#34;`, `&rdquo;`.  react/no-unescaped-entities

./pages/404.tsx
12:16  Error: Unexpected any. Specify a different type.  @typescript-eslint/no-explicit-any
61:22  Error: `'` can be escaped with `&apos;`, `&lsquo;`, `&#39;`, `&rsquo;`.  react/no-unescaped-entities

./pages/_app.tsx
10:16  Error: Unexpected any. Specify a different type.  @typescript-eslint/no-explicit-any
11:21  Error: Unexpected any. Specify a different type.  @typescript-eslint/no-explicit-any
24:31  Error: 'args' is defined but never used.  @typescript-eslint/no-unused-vars
24:37  Error: Unexpected any. Specify a different type.  @typescript-eslint/no-explicit-any
25:29  Error: Use the rest parameters instead of 'arguments'.  prefer-rest-params

./components/AboutSections.tsx
6:7  Error: 'brandNavy' is assigned a value but never used.  @typescript-eslint/no-unused-vars
7:7  Error: 'brandNavyLight' is assigned a value but never used.  @typescript-eslint/no-unused-vars

./components/Animated404Visual.tsx
163:27  Error: `'` can be escaped with `&apos;`, `&lsquo;`, `&#39;`, `&rsquo;`.  react/no-unescaped-entities

./components/ContactForm.tsx
59:64  Error: `'` can be escaped with `&apos;`, `&lsquo;`, `&#39;`, `&rsquo;`.  react/no-unescaped-entities

./components/CookieConsentBanner.tsx
86:70  Error: `"` can be escaped with `&quot;`, `&ldquo;`, `&#34;`, `&rdquo;`.  react/no-unescaped-entities
86:81  Error: `"` can be escaped with `&quot;`, `&ldquo;`, `&#34;`, `&rdquo;`.  react/no-unescaped-entities

./components/FeaturedWork.tsx
29:15  Warning: Using `<img>` could result in slower LCP and higher bandwidth. Consider using `<Image />` from `next/image` or a custom image loader to automatically optimize images. This may incur additional usage or cost from your provider. See: https://nextjs.org/docs/messages/no-img-element  @next/next/no-img-element

./components/Footer.tsx
28:14  Error: 'error' is defined but never used.  @typescript-eslint/no-unused-vars
40:13  Warning: Using `<img>` could result in slower LCP and higher bandwidth. Consider using `<Image />` from `next/image` or a custom image loader to automatically optimize images. This may incur additional usage or cost from your provider. See: https://nextjs.org/docs/messages/no-img-element  @next/next/no-img-element
143:15  Warning: Using `<img>` could result in slower LCP and higher bandwidth. Consider using `<Image />` from `next/image` or a custom image loader to automatically optimize images. This may incur additional usage or cost from your provider. See: https://nextjs.org/docs/messages/no-img-element  @next/next/no-img-element

./components/portfolio/ContactCTA.tsx
21:16  Error: `'` can be escaped with `&apos;`, `&lsquo;`, `&#39;`, `&rsquo;`.  react/no-unescaped-entities

./components/portfolio/FeaturedWorkSection.tsx
33:45  Error: React Hook "useState" cannot be called inside a callback. React Hooks must be called in a React function component or a custom React Hook function.  react-hooks/rules-of-hooks

./components/portfolio/NavPrevNext.tsx
5:10  Error: 'ChevronLeft' is defined but never used.  @typescript-eslint/no-unused-vars
5:23  Error: 'ChevronRight' is defined but never used.  @typescript-eslint/no-unused-vars

./components/portfolio/ProcessTimeline.tsx
13:9  Error: 'isMobile' is assigned a value but never used.  @typescript-eslint/no-unused-vars

./components/portfolio/ResultsHighlights.tsx
5:10  Error: 'Line' is defined but never used.  @typescript-eslint/no-unused-vars
89:66  Error: `'` can be escaped with `&apos;`, `&lsquo;`, `&#39;`, `&rsquo;`.  react/no-unescaped-entities

./components/shared/contact-form.tsx
6:10  Error: 'Loader2' is defined but never used.  @typescript-eslint/no-unused-vars
60:14  Error: 'error' is defined but never used.  @typescript-eslint/no-unused-vars

./components/shared/navbar.tsx
21:10  Error: 'activeSection' is assigned a value but never used.  @typescript-eslint/no-unused-vars
54:9  Error: 'handleSmoothScroll' is assigned a value but never used.  @typescript-eslint/no-unused-vars

./components/StatsSection.tsx
3:10  Error: 'Card' is defined but never used.  @typescript-eslint/no-unused-vars
3:16  Error: 'CardContent' is defined but never used.  @typescript-eslint/no-unused-vars
3:29  Error: 'CardHeader' is defined but never used.  @typescript-eslint/no-unused-vars
4:10  Error: 'Button' is defined but never used.  @typescript-eslint/no-unused-vars
54:28  Error: `'` can be escaped with `&apos;`, `&lsquo;`, `&#39;`, `&rsquo;`.  react/no-unescaped-entities

./components/TechStack.tsx
33:15  Warning: Using `<img>` could result in slower LCP and higher bandwidth. Consider using `<Image />` from `next/image` or a custom image loader to automatically optimize images. This may incur additional usage or cost from your provider. See: https://nextjs.org/docs/messages/no-img-element  @next/next/no-img-element

./components/Testimonials.tsx
28:15  Warning: Using `<img>` could result in slower LCP and higher bandwidth. Consider using `<Image />` from `next/image` or a custom image loader to automatically optimize images. This may incur additional usage or cost from your provider. See: https://nextjs.org/docs/messages/no-img-element  @next/next/no-img-element

./lib/gtag.ts
3:21  Error: Unexpected any. Specify a different type.  @typescript-eslint/no-explicit-any
13:59  Error: Unexpected any. Specify a different type.  @typescript-eslint/no-explicit-any

info  - Need to disable some ESLint rules? Learn more here: https://nextjs.org/docs/app/api-reference/config/eslint#disabling-rules
